// Jest Snapshot v1, https://jestjs.io/docs/snapshot-testing

exports[`LinearProgressDirective should render defaults correctly 1`] = `
<div>
  <progress
    aria-hidden="true"
    class="v-progress v-progress-bar v-progress-indeterminate"
    v-progress-linear=""
  />
  <label
    class="v-progress-label"
    id="test-id"
    progresslabel=""
    v-label=""
  >
    Label
  </label>
</div>
`;
